ax12.c:102:5:main	8	static
ax12.c:158:6:clearServoReceiveBuffer	4	static
ax12.c:163:9:getAndCheckResponse	16	static
ax12.c:193:9:getServoResponse	24	static
ax12.c:272:9:getServoByte	4	static
ax12.c:282:8:getServoBytesAvailable	16	static
ax12.c:301:6:turn	48	static
ax12.c:363:6:move	32	static
ax12.c:396:6:moveSpeed	40	static
ax12.c:430:9:setServoAngle	56	static
ax12.c:462:9:getServoAngle	24	static
ax12.c:507:6:SystemClock_Config	192	static
ax12.c:563:13:MX_USART2_UART_Init	8	static
ax12.c:598:13:MX_USART3_UART_Init	8	static
ax12.c:634:13:MX_GPIO_Init	48	static
ax12.c:686:6:Error_Handler	4	static
