main.c:99:5:main	16	static
main.c:170:6:clearServoReceiveBuffer	4	static
main.c:175:9:getAndCheckResponse	16	static
main.c:205:9:getServoResponse	24	static
main.c:280:5:setAngleLimit	56	dynamic
main.c:326:9:getServoByte	4	static
main.c:336:8:getServoBytesAvailable	16	static
main.c:355:6:turn	48	static
main.c:417:5:readPosition	48	dynamic
main.c:451:6:move	40	static
main.c:487:5:reset	40	static
main.c:516:6:moveSpeed	56	static
main.c:553:6:changeBaudRate	32	static
main.c:576:9:setServoAngle	56	static
main.c:610:9:getServoAngle	24	static
main.c:655:6:SystemClock_Config	192	static
main.c:711:13:MX_USART2_UART_Init	8	static
main.c:746:13:MX_USART3_UART_Init	8	static
main.c:782:13:MX_GPIO_Init	48	static
main.c:834:6:Error_Handler	4	static
